=== AdaVCM Policy Network Training Log on COCO-2017 ===
Platform: Kaggle Cloud GPU (NVIDIA Tesla T4 16GB)
Account: wagur124705
Kernel: adavcm-adaptive-vcm-train
Dataset: COCO-2017 Train (10,000 real images)
Annotations: instances_train2017.json
Hyperparameters: batch_size=16, epochs=10, optimizer=AdamW, lr=1e-4
Loss Objective: L = L_task + lambda * R_proxy
Steps per Epoch: 625 batches (Total: 6,250 gradient steps)
======================================================================

--- Epoch 1 / 10 ---
Final batch: Epoch 1: 100%|==========| 625/625 [01:11<00:00,  8.71it/s, loss=0.0022, fg_diff=0.00024, rate_p=0.0040, sigma=9.00, alpha=0.47]
Summary: [Epoch 1] Loss: 0.0022 | FG Diff: 0.000246 | Rate Proxy: 0.0039

--- Epoch 2 / 10 ---
Final batch: Epoch 2: 100%|==========| 625/625 [00:42<00:00, 14.58it/s, loss=0.0019, fg_diff=0.00022, rate_p=0.0034, sigma=9.00, alpha=0.47]
Summary: [Epoch 2] Loss: 0.0022 | FG Diff: 0.000245 | Rate Proxy: 0.0039

--- Epoch 3 / 10 ---
Final batch: Epoch 3: 100%|==========| 625/625 [00:43<00:00, 14.35it/s, loss=0.0024, fg_diff=0.00026, rate_p=0.0044, sigma=9.00, alpha=0.47]
Summary: [Epoch 3] Loss: 0.0022 | FG Diff: 0.000246 | Rate Proxy: 0.0039

--- Epoch 4 / 10 ---
Final batch: Epoch 4: 100%|==========| 625/625 [00:43<00:00, 14.22it/s, loss=0.0023, fg_diff=0.00023, rate_p=0.0042, sigma=9.00, alpha=0.47]
Summary: [Epoch 4] Loss: 0.0022 | FG Diff: 0.000246 | Rate Proxy: 0.0039

--- Epoch 5 / 10 ---
Final batch: Epoch 5: 100%|==========| 625/625 [00:43<00:00, 14.44it/s, loss=0.0019, fg_diff=0.00022, rate_p=0.0034, sigma=9.00, alpha=0.47]
Summary: [Epoch 5] Loss: 0.0022 | FG Diff: 0.000246 | Rate Proxy: 0.0039

--- Epoch 6 / 10 ---
Final batch: Epoch 6: 100%|==========| 625/625 [00:43<00:00, 14.43it/s, loss=0.0018, fg_diff=0.00024, rate_p=0.0032, sigma=9.00, alpha=0.47]
Summary: [Epoch 6] Loss: 0.0022 | FG Diff: 0.000246 | Rate Proxy: 0.0039

--- Epoch 7 / 10 ---
Final batch: Epoch 7: 100%|==========| 625/625 [00:43<00:00, 14.52it/s, loss=0.0022, fg_diff=0.00025, rate_p=0.0038, sigma=9.00, alpha=0.47]
Summary: [Epoch 7] Loss: 0.0022 | FG Diff: 0.000246 | Rate Proxy: 0.0039

--- Epoch 8 / 10 ---
Final batch: Epoch 8: 100%|==========| 625/625 [00:43<00:00, 14.50it/s, loss=0.0025, fg_diff=0.00025, rate_p=0.0045, sigma=9.00, alpha=0.47]
Summary: [Epoch 8] Loss: 0.0022 | FG Diff: 0.000245 | Rate Proxy: 0.0039

--- Epoch 9 / 10 ---
Final batch: Epoch 9: 100%|==========| 625/625 [00:43<00:00, 14.41it/s, loss=0.0024, fg_diff=0.00026, rate_p=0.0042, sigma=9.00, alpha=0.47]
Summary: [Epoch 9] Loss: 0.0022 | FG Diff: 0.000245 | Rate Proxy: 0.0039

--- Epoch 10 / 10 ---
Final batch: Epoch 10: 100%|==========| 625/625 [00:42<00:00, 14.55it/s, loss=0.0026, fg_diff=0.00024, rate_p=0.0048, sigma=9.00, alpha=0.47]
Summary: [Epoch 10] Loss: 0.0022 | FG Diff: 0.000245 | Rate Proxy: 0.0039

======================================================================
=== Checkpoint Audit & Final Validation ===
adavcm_epoch_1.pth: train_loss=0.002172, fg_diff=0.000246, rate_proxy=0.003852
adavcm_epoch_2.pth: train_loss=0.002172, fg_diff=0.000245, rate_proxy=0.003852
adavcm_epoch_3.pth: train_loss=0.002172, fg_diff=0.000246, rate_proxy=0.003852
adavcm_epoch_4.pth: train_loss=0.002172, fg_diff=0.000246, rate_proxy=0.003852
adavcm_epoch_5.pth: train_loss=0.002173, fg_diff=0.000246, rate_proxy=0.003852
adavcm_epoch_6.pth: train_loss=0.002172, fg_diff=0.000246, rate_proxy=0.003852
adavcm_epoch_7.pth: train_loss=0.002172, fg_diff=0.000246, rate_proxy=0.003852
adavcm_epoch_8.pth: train_loss=0.002172, fg_diff=0.000245, rate_proxy=0.003852
adavcm_epoch_9.pth: train_loss=0.002171, fg_diff=0.000245, rate_proxy=0.003852
adavcm_epoch_10.pth: train_loss=0.002171, fg_diff=0.000245, rate_proxy=0.003852

Best Checkpoint: adavcm_best.pth (Epoch 10)
Final Best Metrics: train_loss=0.002171, fg_diff=0.000245, rate_proxy=0.003852